                                      1 ;--------------------------------------------------------
                                      2 ; File Created by SDCC : free open source ISO C Compiler
                                      3 ; Version 4.5.0 #15242 (Mac OS X ppc)
                                      4 ;--------------------------------------------------------
                                      5 	.module namur_logic
                                      6 	
                                      7 	.optsdcc -mmcs51 --model-small
                                      8 ;--------------------------------------------------------
                                      9 ; Public variables in this module
                                     10 ;--------------------------------------------------------
                                     11 	.globl _namur_logic_update_PARM_4
                                     12 	.globl _namur_logic_update_PARM_3
                                     13 	.globl _namur_logic_update_PARM_2
                                     14 	.globl _namur_logic_init
                                     15 	.globl _namur_logic_update
                                     16 ;--------------------------------------------------------
                                     17 ; special function registers
                                     18 ;--------------------------------------------------------
                                     19 	.area RSEG    (ABS,DATA)
      000000                         20 	.org 0x0000
                                     21 ;--------------------------------------------------------
                                     22 ; special function bits
                                     23 ;--------------------------------------------------------
                                     24 	.area RSEG    (ABS,DATA)
      000000                         25 	.org 0x0000
                                     26 ;--------------------------------------------------------
                                     27 ; overlayable register banks
                                     28 ;--------------------------------------------------------
                                     29 	.area REG_BANK_0	(REL,OVR,DATA)
      000000                         30 	.ds 8
                                     31 ;--------------------------------------------------------
                                     32 ; internal ram data
                                     33 ;--------------------------------------------------------
                                     34 	.area DSEG    (DATA)
      000000                         35 _update_channel_PARM_2:
      000000                         36 	.ds 2
      000002                         37 _update_channel_PARM_3:
      000002                         38 	.ds 1
      000003                         39 _update_channel_PARM_4:
      000003                         40 	.ds 1
      000004                         41 _update_channel_ch_10000_34:
      000004                         42 	.ds 3
      000007                         43 _namur_logic_update_PARM_2:
      000007                         44 	.ds 2
      000009                         45 _namur_logic_update_PARM_3:
      000009                         46 	.ds 2
      00000B                         47 _namur_logic_update_PARM_4:
      00000B                         48 	.ds 1
                                     49 ;--------------------------------------------------------
                                     50 ; overlayable items in internal ram
                                     51 ;--------------------------------------------------------
                                     52 	.area	OSEG    (OVR,DATA)
                                     53 	.area	OSEG    (OVR,DATA)
      000000                         54 _ema_filter_PARM_2:
      000000                         55 	.ds 3
                                     56 	.area	OSEG    (OVR,DATA)
      000000                         57 _debounce_channel_ch_10000_10:
      000000                         58 	.ds 3
      000003                         59 _debounce_channel_sloc0_1_0:
      000003                         60 	.ds 3
                                     61 	.area	OSEG    (OVR,DATA)
                                     62 	.area	OSEG    (OVR,DATA)
                                     63 	.area	OSEG    (OVR,DATA)
      000000                         64 _sense_from_latch_PARM_2:
      000000                         65 	.ds 1
                                     66 	.area	OSEG    (OVR,DATA)
      000000                         67 _namur_logic_init_ctx_10000_40:
      000000                         68 	.ds 3
      000003                         69 _namur_logic_init_i_10000_41:
      000003                         70 	.ds 1
                                     71 ;--------------------------------------------------------
                                     72 ; indirectly addressable internal ram data
                                     73 ;--------------------------------------------------------
                                     74 	.area ISEG    (DATA)
                                     75 ;--------------------------------------------------------
                                     76 ; absolute internal ram data
                                     77 ;--------------------------------------------------------
                                     78 	.area IABS    (ABS,DATA)
                                     79 	.area IABS    (ABS,DATA)
                                     80 ;--------------------------------------------------------
                                     81 ; bit data
                                     82 ;--------------------------------------------------------
                                     83 	.area BSEG    (BIT)
      000000                         84 _namur_logic_update_sloc0_1_0:
      000000                         85 	.ds 1
                                     86 ;--------------------------------------------------------
                                     87 ; paged external ram data
                                     88 ;--------------------------------------------------------
                                     89 	.area PSEG    (PAG,XDATA)
                                     90 ;--------------------------------------------------------
                                     91 ; uninitialized external ram data
                                     92 ;--------------------------------------------------------
                                     93 	.area XSEG    (XDATA)
                                     94 ;--------------------------------------------------------
                                     95 ; absolute external ram data
                                     96 ;--------------------------------------------------------
                                     97 	.area XABS    (ABS,XDATA)
                                     98 ;--------------------------------------------------------
                                     99 ; initialized external ram data
                                    100 ;--------------------------------------------------------
                                    101 	.area XISEG   (XDATA)
                                    102 	.area HOME    (CODE)
                                    103 	.area GSINIT0 (CODE)
                                    104 	.area GSINIT1 (CODE)
                                    105 	.area GSINIT2 (CODE)
                                    106 	.area GSINIT3 (CODE)
                                    107 	.area GSINIT4 (CODE)
                                    108 	.area GSINIT5 (CODE)
                                    109 	.area GSINIT  (CODE)
                                    110 	.area GSFINAL (CODE)
                                    111 	.area CSEG    (CODE)
                                    112 ;--------------------------------------------------------
                                    113 ; global & static initialisations
                                    114 ;--------------------------------------------------------
                                    115 	.area HOME    (CODE)
                                    116 	.area GSINIT  (CODE)
                                    117 	.area GSFINAL (CODE)
                                    118 	.area GSINIT  (CODE)
                                    119 ;--------------------------------------------------------
                                    120 ; Home
                                    121 ;--------------------------------------------------------
                                    122 	.area HOME    (CODE)
                                    123 	.area HOME    (CODE)
                                    124 ;--------------------------------------------------------
                                    125 ; code
                                    126 ;--------------------------------------------------------
                                    127 	.area CSEG    (CODE)
                                    128 ;------------------------------------------------------------
                                    129 ;Allocation info for local variables in function 'classify_adc'
                                    130 ;------------------------------------------------------------
                                    131 ;adc           Allocated to registers r6 r7 
                                    132 ;------------------------------------------------------------
                                    133 ;	src/app/namur_logic.c:11: static namur_instant_class_t classify_adc(uint16_t adc)
                                    134 ;	-----------------------------------------
                                    135 ;	 function classify_adc
                                    136 ;	-----------------------------------------
      000000                        137 _classify_adc:
                           000007   138 	ar7 = 0x07
                           000006   139 	ar6 = 0x06
                           000005   140 	ar5 = 0x05
                           000004   141 	ar4 = 0x04
                           000003   142 	ar3 = 0x03
                           000002   143 	ar2 = 0x02
                           000001   144 	ar1 = 0x01
                           000000   145 	ar0 = 0x00
      000000 AE 82            [24]  146 	mov	r6, dpl
      000002 AF 83            [24]  147 	mov	r7, dph
                                    148 ;	src/app/namur_logic.c:13: if (NAMUR_ADC_IS_LEAD_BREAK(adc)) {
      000004 8E 04            [24]  149 	mov	ar4,r6
      000006 8F 05            [24]  150 	mov	ar5,r7
      000008 C3               [12]  151 	clr	c
      000009 EC               [12]  152 	mov	a,r4
      00000A 94 3D            [12]  153 	subb	a,#0x3d
      00000C ED               [12]  154 	mov	a,r5
      00000D 94 00            [12]  155 	subb	a,#0x00
      00000F 50 04            [24]  156 	jnc	00102$
                                    157 ;	src/app/namur_logic.c:14: return NAMUR_INSTANT_LEAD_BREAK;
      000011 75 82 02         [24]  158 	mov	dpl, #0x02
      000014 22               [24]  159 	ret
      000015                        160 00102$:
                                    161 ;	src/app/namur_logic.c:16: if (NAMUR_ADC_IS_SHORT_CIRCUIT(adc)) {
      000015 C3               [12]  162 	clr	c
      000016 74 E3            [12]  163 	mov	a,#0xe3
      000018 9C               [12]  164 	subb	a,r4
      000019 74 02            [12]  165 	mov	a,#0x02
      00001B 9D               [12]  166 	subb	a,r5
      00001C 50 04            [24]  167 	jnc	00104$
                                    168 ;	src/app/namur_logic.c:17: return NAMUR_INSTANT_SHORT;
      00001E 75 82 03         [24]  169 	mov	dpl, #0x03
      000021 22               [24]  170 	ret
      000022                        171 00104$:
                                    172 ;	src/app/namur_logic.c:19: if (NAMUR_ADC_SHOULD_LATCH_ON(adc) || NAMUR_ADC_SHOULD_LATCH_OFF(adc)) {
      000022 EE               [12]  173 	mov	a,r6
      000023 4F               [12]  174 	orl	a,r7
      000024 70 09            [24]  175 	jnz	00105$
      000026 C3               [12]  176 	clr	c
      000027 EC               [12]  177 	mov	a,r4
      000028 94 EB            [12]  178 	subb	a,#0xeb
      00002A ED               [12]  179 	mov	a,r5
      00002B 94 01            [12]  180 	subb	a,#0x01
      00002D 50 04            [24]  181 	jnc	00106$
      00002F                        182 00105$:
                                    183 ;	src/app/namur_logic.c:20: return NAMUR_INSTANT_NORMAL;
      00002F 75 82 00         [24]  184 	mov	dpl, #0x00
      000032 22               [24]  185 	ret
      000033                        186 00106$:
                                    187 ;	src/app/namur_logic.c:22: return NAMUR_INSTANT_HYST;
      000033 75 82 01         [24]  188 	mov	dpl, #0x01
                                    189 ;	src/app/namur_logic.c:23: }
      000036 22               [24]  190 	ret
                                    191 ;------------------------------------------------------------
                                    192 ;Allocation info for local variables in function 'ema_filter'
                                    193 ;------------------------------------------------------------
                                    194 ;filtered      Allocated with name '_ema_filter_PARM_2'
                                    195 ;raw           Allocated to registers r6 r7 
                                    196 ;delta         Allocated to registers r6 r7 
                                    197 ;------------------------------------------------------------
                                    198 ;	src/app/namur_logic.c:25: static void ema_filter(uint16_t raw, uint16_t *filtered)
                                    199 ;	-----------------------------------------
                                    200 ;	 function ema_filter
                                    201 ;	-----------------------------------------
      000037                        202 _ema_filter:
      000037 AE 82            [24]  203 	mov	r6, dpl
      000039 AF 83            [24]  204 	mov	r7, dph
                                    205 ;	src/app/namur_logic.c:27: int16_t delta = (int16_t)raw - (int16_t)(*filtered);
      00003B AB*00            [24]  206 	mov	r3,_ema_filter_PARM_2
      00003D AC*01            [24]  207 	mov	r4,(_ema_filter_PARM_2 + 1)
      00003F AD*02            [24]  208 	mov	r5,(_ema_filter_PARM_2 + 2)
      000041 8B 82            [24]  209 	mov	dpl,r3
      000043 8C 83            [24]  210 	mov	dph,r4
      000045 8D F0            [24]  211 	mov	b,r5
      000047 12r00r00         [24]  212 	lcall	__gptrget
      00004A F9               [12]  213 	mov	r1,a
      00004B A3               [24]  214 	inc	dptr
      00004C 12r00r00         [24]  215 	lcall	__gptrget
      00004F FA               [12]  216 	mov	r2,a
      000050 EE               [12]  217 	mov	a,r6
      000051 C3               [12]  218 	clr	c
      000052 99               [12]  219 	subb	a,r1
      000053 FE               [12]  220 	mov	r6,a
      000054 EF               [12]  221 	mov	a,r7
      000055 9A               [12]  222 	subb	a,r2
                                    223 ;	src/app/namur_logic.c:28: *filtered = (uint16_t)((int16_t)(*filtered) + (delta >> BSP_EMA_ALPHA_SHIFT));
      000056 C4               [12]  224 	swap	a
      000057 23               [12]  225 	rl	a
      000058 CE               [12]  226 	xch	a,r6
      000059 C4               [12]  227 	swap	a
      00005A 23               [12]  228 	rl	a
      00005B 54 1F            [12]  229 	anl	a,#0x1f
      00005D 6E               [12]  230 	xrl	a,r6
      00005E CE               [12]  231 	xch	a,r6
      00005F 54 1F            [12]  232 	anl	a,#0x1f
      000061 CE               [12]  233 	xch	a,r6
      000062 6E               [12]  234 	xrl	a,r6
      000063 CE               [12]  235 	xch	a,r6
      000064 30 E4 02         [24]  236 	jnb	acc.4,00103$
      000067 44 E0            [12]  237 	orl	a,#0xffffffe0
      000069                        238 00103$:
      000069 FF               [12]  239 	mov	r7,a
      00006A EE               [12]  240 	mov	a,r6
      00006B 29               [12]  241 	add	a, r1
      00006C F9               [12]  242 	mov	r1,a
      00006D EF               [12]  243 	mov	a,r7
      00006E 3A               [12]  244 	addc	a, r2
      00006F FA               [12]  245 	mov	r2,a
      000070 8B 82            [24]  246 	mov	dpl,r3
      000072 8C 83            [24]  247 	mov	dph,r4
      000074 8D F0            [24]  248 	mov	b,r5
      000076 E9               [12]  249 	mov	a,r1
      000077 12r00r00         [24]  250 	lcall	__gptrput
      00007A A3               [24]  251 	inc	dptr
      00007B EA               [12]  252 	mov	a,r2
                                    253 ;	src/app/namur_logic.c:29: }
      00007C 02r00r00         [24]  254 	ljmp	__gptrput
                                    255 ;------------------------------------------------------------
                                    256 ;Allocation info for local variables in function 'debounce_channel'
                                    257 ;------------------------------------------------------------
                                    258 ;ch            Allocated with name '_debounce_channel_ch_10000_10'
                                    259 ;sloc0         Allocated with name '_debounce_channel_sloc0_1_0'
                                    260 ;------------------------------------------------------------
                                    261 ;	src/app/namur_logic.c:31: static void debounce_channel(namur_channel_t *ch)
                                    262 ;	-----------------------------------------
                                    263 ;	 function debounce_channel
                                    264 ;	-----------------------------------------
      00007F                        265 _debounce_channel:
      00007F 85 82*00         [24]  266 	mov	_debounce_channel_ch_10000_10,dpl
      000082 85 83*01         [24]  267 	mov	(_debounce_channel_ch_10000_10 + 1),dph
      000085 85 F0*02         [24]  268 	mov	(_debounce_channel_ch_10000_10 + 2),b
                                    269 ;	src/app/namur_logic.c:33: if (ch->instant == ch->pending) {
      000088 74 02            [12]  270 	mov	a,#0x02
      00008A 25*00            [12]  271 	add	a, _debounce_channel_ch_10000_10
      00008C FA               [12]  272 	mov	r2,a
      00008D E4               [12]  273 	clr	a
      00008E 35*01            [12]  274 	addc	a, (_debounce_channel_ch_10000_10 + 1)
      000090 FB               [12]  275 	mov	r3,a
      000091 AC*02            [24]  276 	mov	r4,(_debounce_channel_ch_10000_10 + 2)
      000093 8A 82            [24]  277 	mov	dpl,r2
      000095 8B 83            [24]  278 	mov	dph,r3
      000097 8C F0            [24]  279 	mov	b,r4
      000099 12r00r00         [24]  280 	lcall	__gptrget
      00009C FC               [12]  281 	mov	r4,a
      00009D 74 03            [12]  282 	mov	a,#0x03
      00009F 25*00            [12]  283 	add	a, _debounce_channel_ch_10000_10
      0000A1 F9               [12]  284 	mov	r1,a
      0000A2 E4               [12]  285 	clr	a
      0000A3 35*01            [12]  286 	addc	a, (_debounce_channel_ch_10000_10 + 1)
      0000A5 FA               [12]  287 	mov	r2,a
      0000A6 AB*02            [24]  288 	mov	r3,(_debounce_channel_ch_10000_10 + 2)
      0000A8 89 82            [24]  289 	mov	dpl,r1
      0000AA 8A 83            [24]  290 	mov	dph,r2
      0000AC 8B F0            [24]  291 	mov	b,r3
      0000AE 12r00r00         [24]  292 	lcall	__gptrget
      0000B1 F8               [12]  293 	mov	r0,a
      0000B2 EC               [12]  294 	mov	a,r4
      0000B3 B5 00 30         [24]  295 	cjne	a,ar0,00104$
                                    296 ;	src/app/namur_logic.c:34: if (ch->debounce_count < BSP_DEBOUNCE_CYCLES) {
      0000B6 74 04            [12]  297 	mov	a,#0x04
      0000B8 25*00            [12]  298 	add	a, _debounce_channel_ch_10000_10
      0000BA F5*03            [12]  299 	mov	_debounce_channel_sloc0_1_0,a
      0000BC E4               [12]  300 	clr	a
      0000BD 35*01            [12]  301 	addc	a, (_debounce_channel_ch_10000_10 + 1)
      0000BF F5*04            [12]  302 	mov	(_debounce_channel_sloc0_1_0 + 1),a
      0000C1 85*02*05         [24]  303 	mov	(_debounce_channel_sloc0_1_0 + 2),(_debounce_channel_ch_10000_10 + 2)
      0000C4 85*03 82         [24]  304 	mov	dpl,_debounce_channel_sloc0_1_0
      0000C7 85*04 83         [24]  305 	mov	dph,(_debounce_channel_sloc0_1_0 + 1)
      0000CA 85*05 F0         [24]  306 	mov	b,(_debounce_channel_sloc0_1_0 + 2)
      0000CD 12r00r00         [24]  307 	lcall	__gptrget
      0000D0 F8               [12]  308 	mov	r0,a
      0000D1 B8 04 00         [24]  309 	cjne	r0,#0x04,00130$
      0000D4                        310 00130$:
      0000D4 50 30            [24]  311 	jnc	00105$
                                    312 ;	src/app/namur_logic.c:35: ch->debounce_count++;
      0000D6 08               [12]  313 	inc	r0
      0000D7 85*03 82         [24]  314 	mov	dpl,_debounce_channel_sloc0_1_0
      0000DA 85*04 83         [24]  315 	mov	dph,(_debounce_channel_sloc0_1_0 + 1)
      0000DD 85*05 F0         [24]  316 	mov	b,(_debounce_channel_sloc0_1_0 + 2)
      0000E0 E8               [12]  317 	mov	a,r0
      0000E1 12r00r00         [24]  318 	lcall	__gptrput
      0000E4 80 20            [24]  319 	sjmp	00105$
      0000E6                        320 00104$:
                                    321 ;	src/app/namur_logic.c:38: ch->pending = ch->instant;
      0000E6 89 82            [24]  322 	mov	dpl,r1
      0000E8 8A 83            [24]  323 	mov	dph,r2
      0000EA 8B F0            [24]  324 	mov	b,r3
      0000EC EC               [12]  325 	mov	a,r4
      0000ED 12r00r00         [24]  326 	lcall	__gptrput
                                    327 ;	src/app/namur_logic.c:39: ch->debounce_count = 1U;
      0000F0 74 04            [12]  328 	mov	a,#0x04
      0000F2 25*00            [12]  329 	add	a, _debounce_channel_ch_10000_10
      0000F4 F8               [12]  330 	mov	r0,a
      0000F5 E4               [12]  331 	clr	a
      0000F6 35*01            [12]  332 	addc	a, (_debounce_channel_ch_10000_10 + 1)
      0000F8 FC               [12]  333 	mov	r4,a
      0000F9 AF*02            [24]  334 	mov	r7,(_debounce_channel_ch_10000_10 + 2)
      0000FB 88 82            [24]  335 	mov	dpl,r0
      0000FD 8C 83            [24]  336 	mov	dph,r4
      0000FF 8F F0            [24]  337 	mov	b,r7
      000101 74 01            [12]  338 	mov	a,#0x01
      000103 12r00r00         [24]  339 	lcall	__gptrput
      000106                        340 00105$:
                                    341 ;	src/app/namur_logic.c:42: if (ch->debounce_count >= BSP_DEBOUNCE_CYCLES) {
      000106 74 04            [12]  342 	mov	a,#0x04
      000108 25*00            [12]  343 	add	a, _debounce_channel_ch_10000_10
      00010A FD               [12]  344 	mov	r5,a
      00010B E4               [12]  345 	clr	a
      00010C 35*01            [12]  346 	addc	a, (_debounce_channel_ch_10000_10 + 1)
      00010E FE               [12]  347 	mov	r6,a
      00010F AF*02            [24]  348 	mov	r7,(_debounce_channel_ch_10000_10 + 2)
      000111 8D 82            [24]  349 	mov	dpl,r5
      000113 8E 83            [24]  350 	mov	dph,r6
      000115 8F F0            [24]  351 	mov	b,r7
      000117 12r00r00         [24]  352 	lcall	__gptrget
      00011A FD               [12]  353 	mov	r5,a
      00011B BD 04 00         [24]  354 	cjne	r5,#0x04,00132$
      00011E                        355 00132$:
      00011E 40 1D            [24]  356 	jc	00108$
                                    357 ;	src/app/namur_logic.c:43: ch->stable = ch->pending;
      000120 74 05            [12]  358 	mov	a,#0x05
      000122 25*00            [12]  359 	add	a, _debounce_channel_ch_10000_10
      000124 FD               [12]  360 	mov	r5,a
      000125 E4               [12]  361 	clr	a
      000126 35*01            [12]  362 	addc	a, (_debounce_channel_ch_10000_10 + 1)
      000128 FE               [12]  363 	mov	r6,a
      000129 AF*02            [24]  364 	mov	r7,(_debounce_channel_ch_10000_10 + 2)
      00012B 89 82            [24]  365 	mov	dpl,r1
      00012D 8A 83            [24]  366 	mov	dph,r2
      00012F 8B F0            [24]  367 	mov	b,r3
      000131 12r00r00         [24]  368 	lcall	__gptrget
      000134 8D 82            [24]  369 	mov	dpl,r5
      000136 8E 83            [24]  370 	mov	dph,r6
      000138 8F F0            [24]  371 	mov	b,r7
                                    372 ;	src/app/namur_logic.c:45: }
      00013A 02r00r00         [24]  373 	ljmp	__gptrput
      00013D                        374 00108$:
      00013D 22               [24]  375 	ret
                                    376 ;------------------------------------------------------------
                                    377 ;Allocation info for local variables in function 'apply_fault'
                                    378 ;------------------------------------------------------------
                                    379 ;ch            Allocated to registers r5 r6 r7 
                                    380 ;------------------------------------------------------------
                                    381 ;	src/app/namur_logic.c:47: static void apply_fault(namur_channel_t *ch)
                                    382 ;	-----------------------------------------
                                    383 ;	 function apply_fault
                                    384 ;	-----------------------------------------
      00013E                        385 _apply_fault:
      00013E AD 82            [24]  386 	mov	r5, dpl
      000140 AE 83            [24]  387 	mov	r6, dph
      000142 AF F0            [24]  388 	mov	r7, b
                                    389 ;	src/app/namur_logic.c:49: if (ch->stable == NAMUR_INSTANT_LEAD_BREAK) {
      000144 74 05            [12]  390 	mov	a,#0x05
      000146 2D               [12]  391 	add	a, r5
      000147 FA               [12]  392 	mov	r2,a
      000148 E4               [12]  393 	clr	a
      000149 3E               [12]  394 	addc	a, r6
      00014A FB               [12]  395 	mov	r3,a
      00014B 8F 04            [24]  396 	mov	ar4,r7
      00014D 8A 82            [24]  397 	mov	dpl,r2
      00014F 8B 83            [24]  398 	mov	dph,r3
      000151 8C F0            [24]  399 	mov	b,r4
      000153 12r00r00         [24]  400 	lcall	__gptrget
      000156 FC               [12]  401 	mov	r4,a
      000157 BC 02 14         [24]  402 	cjne	r4,#0x02,00105$
                                    403 ;	src/app/namur_logic.c:50: ch->fault = NAMUR_FAULT_LEAD_BREAK;
      00015A 74 06            [12]  404 	mov	a,#0x06
      00015C 2D               [12]  405 	add	a, r5
      00015D F9               [12]  406 	mov	r1,a
      00015E E4               [12]  407 	clr	a
      00015F 3E               [12]  408 	addc	a, r6
      000160 FA               [12]  409 	mov	r2,a
      000161 8F 03            [24]  410 	mov	ar3,r7
      000163 89 82            [24]  411 	mov	dpl,r1
      000165 8A 83            [24]  412 	mov	dph,r2
      000167 8B F0            [24]  413 	mov	b,r3
      000169 74 01            [12]  414 	mov	a,#0x01
      00016B 02r00r00         [24]  415 	ljmp	__gptrput
      00016E                        416 00105$:
                                    417 ;	src/app/namur_logic.c:51: } else if (ch->stable == NAMUR_INSTANT_SHORT) {
      00016E BC 03 14         [24]  418 	cjne	r4,#0x03,00102$
                                    419 ;	src/app/namur_logic.c:52: ch->fault = NAMUR_FAULT_SHORT_CIRCUIT;
      000171 74 06            [12]  420 	mov	a,#0x06
      000173 2D               [12]  421 	add	a, r5
      000174 FA               [12]  422 	mov	r2,a
      000175 E4               [12]  423 	clr	a
      000176 3E               [12]  424 	addc	a, r6
      000177 FB               [12]  425 	mov	r3,a
      000178 8F 04            [24]  426 	mov	ar4,r7
      00017A 8A 82            [24]  427 	mov	dpl,r2
      00017C 8B 83            [24]  428 	mov	dph,r3
      00017E 8C F0            [24]  429 	mov	b,r4
      000180 74 02            [12]  430 	mov	a,#0x02
      000182 02r00r00         [24]  431 	ljmp	__gptrput
      000185                        432 00102$:
                                    433 ;	src/app/namur_logic.c:54: ch->fault = NAMUR_FAULT_NONE;
      000185 74 06            [12]  434 	mov	a,#0x06
      000187 2D               [12]  435 	add	a, r5
      000188 FD               [12]  436 	mov	r5,a
      000189 E4               [12]  437 	clr	a
      00018A 3E               [12]  438 	addc	a, r6
      00018B FE               [12]  439 	mov	r6,a
      00018C 8D 82            [24]  440 	mov	dpl,r5
      00018E 8E 83            [24]  441 	mov	dph,r6
      000190 8F F0            [24]  442 	mov	b,r7
      000192 E4               [12]  443 	clr	a
                                    444 ;	src/app/namur_logic.c:56: }
      000193 02r00r00         [24]  445 	ljmp	__gptrput
                                    446 ;------------------------------------------------------------
                                    447 ;Allocation info for local variables in function 'apply_latch'
                                    448 ;------------------------------------------------------------
                                    449 ;ch            Allocated to registers r5 r6 r7 
                                    450 ;------------------------------------------------------------
                                    451 ;	src/app/namur_logic.c:58: static void apply_latch(namur_channel_t *ch)
                                    452 ;	-----------------------------------------
                                    453 ;	 function apply_latch
                                    454 ;	-----------------------------------------
      000196                        455 _apply_latch:
      000196 AD 82            [24]  456 	mov	r5, dpl
      000198 AE 83            [24]  457 	mov	r6, dph
      00019A AF F0            [24]  458 	mov	r7, b
                                    459 ;	src/app/namur_logic.c:60: if (ch->fault != NAMUR_FAULT_NONE) {
      00019C 74 06            [12]  460 	mov	a,#0x06
      00019E 2D               [12]  461 	add	a, r5
      00019F FA               [12]  462 	mov	r2,a
      0001A0 E4               [12]  463 	clr	a
      0001A1 3E               [12]  464 	addc	a, r6
      0001A2 FB               [12]  465 	mov	r3,a
      0001A3 8F 04            [24]  466 	mov	ar4,r7
      0001A5 8A 82            [24]  467 	mov	dpl,r2
      0001A7 8B 83            [24]  468 	mov	dph,r3
      0001A9 8C F0            [24]  469 	mov	b,r4
      0001AB 12r00r00         [24]  470 	lcall	__gptrget
      0001AE 60 01            [24]  471 	jz	00102$
                                    472 ;	src/app/namur_logic.c:61: return;
      0001B0 22               [24]  473 	ret
      0001B1                        474 00102$:
                                    475 ;	src/app/namur_logic.c:64: if (NAMUR_ADC_SHOULD_LATCH_ON(ch->filtered_adc)) {
      0001B1 8D 03            [24]  476 	mov	ar3,r5
      0001B3 8E 02            [24]  477 	mov	ar2,r6
      0001B5 8F 04            [24]  478 	mov	ar4,r7
      0001B7 8B 82            [24]  479 	mov	dpl,r3
      0001B9 8A 83            [24]  480 	mov	dph,r2
      0001BB 8C F0            [24]  481 	mov	b,r4
      0001BD 12r00r00         [24]  482 	lcall	__gptrget
      0001C0 FB               [12]  483 	mov	r3,a
      0001C1 A3               [24]  484 	inc	dptr
      0001C2 12r00r00         [24]  485 	lcall	__gptrget
      0001C5 FC               [12]  486 	mov	r4,a
      0001C6 4B               [12]  487 	orl	a,r3
      0001C7 60 14            [24]  488 	jz	00106$
                                    489 ;	src/app/namur_logic.c:65: ch->latched_on = 1U;
      0001C9 74 07            [12]  490 	mov	a,#0x07
      0001CB 2D               [12]  491 	add	a, r5
      0001CC F8               [12]  492 	mov	r0,a
      0001CD E4               [12]  493 	clr	a
      0001CE 3E               [12]  494 	addc	a, r6
      0001CF F9               [12]  495 	mov	r1,a
      0001D0 8F 02            [24]  496 	mov	ar2,r7
      0001D2 88 82            [24]  497 	mov	dpl,r0
      0001D4 89 83            [24]  498 	mov	dph,r1
      0001D6 8A F0            [24]  499 	mov	b,r2
      0001D8 74 01            [12]  500 	mov	a,#0x01
      0001DA 02r00r00         [24]  501 	ljmp	__gptrput
      0001DD                        502 00106$:
                                    503 ;	src/app/namur_logic.c:66: } else if (NAMUR_ADC_SHOULD_LATCH_OFF(ch->filtered_adc)) {
      0001DD C3               [12]  504 	clr	c
      0001DE EB               [12]  505 	mov	a,r3
      0001DF 94 EB            [12]  506 	subb	a,#0xeb
      0001E1 EC               [12]  507 	mov	a,r4
      0001E2 94 01            [12]  508 	subb	a,#0x01
      0001E4 50 11            [24]  509 	jnc	00108$
                                    510 ;	src/app/namur_logic.c:67: ch->latched_on = 0U;
      0001E6 74 07            [12]  511 	mov	a,#0x07
      0001E8 2D               [12]  512 	add	a, r5
      0001E9 FD               [12]  513 	mov	r5,a
      0001EA E4               [12]  514 	clr	a
      0001EB 3E               [12]  515 	addc	a, r6
      0001EC FE               [12]  516 	mov	r6,a
      0001ED 8D 82            [24]  517 	mov	dpl,r5
      0001EF 8E 83            [24]  518 	mov	dph,r6
      0001F1 8F F0            [24]  519 	mov	b,r7
      0001F3 E4               [12]  520 	clr	a
                                    521 ;	src/app/namur_logic.c:69: }
      0001F4 02r00r00         [24]  522 	ljmp	__gptrput
      0001F7                        523 00108$:
      0001F7 22               [24]  524 	ret
                                    525 ;------------------------------------------------------------
                                    526 ;Allocation info for local variables in function 'sense_from_latch'
                                    527 ;------------------------------------------------------------
                                    528 ;dip_nc        Allocated with name '_sense_from_latch_PARM_2'
                                    529 ;latched_on    Allocated to registers r7 
                                    530 ;sense         Allocated to registers r6 
                                    531 ;------------------------------------------------------------
                                    532 ;	src/app/namur_logic.c:71: static uint8_t sense_from_latch(uint8_t latched_on, uint8_t dip_nc)
                                    533 ;	-----------------------------------------
                                    534 ;	 function sense_from_latch
                                    535 ;	-----------------------------------------
      0001F8                        536 _sense_from_latch:
      0001F8 AF 82            [24]  537 	mov	r7, dpl
                                    538 ;	src/app/namur_logic.c:73: uint8_t sense = latched_on;
      0001FA 8F 06            [24]  539 	mov	ar6,r7
                                    540 ;	src/app/namur_logic.c:75: if (dip_nc) {
      0001FC E5*00            [12]  541 	mov	a,_sense_from_latch_PARM_2
      0001FE 60 0B            [24]  542 	jz	00102$
                                    543 ;	src/app/namur_logic.c:76: sense = (uint8_t)(sense ? 0U : 1U);
      000200 EF               [12]  544 	mov	a,r7
      000201 60 04            [24]  545 	jz	00105$
      000203 7F 00            [12]  546 	mov	r7,#0x00
      000205 80 02            [24]  547 	sjmp	00106$
      000207                        548 00105$:
      000207 7F 01            [12]  549 	mov	r7,#0x01
      000209                        550 00106$:
      000209 8F 06            [24]  551 	mov	ar6,r7
      00020B                        552 00102$:
                                    553 ;	src/app/namur_logic.c:78: return sense;
      00020B 8E 82            [24]  554 	mov	dpl, r6
                                    555 ;	src/app/namur_logic.c:79: }
      00020D 22               [24]  556 	ret
                                    557 ;------------------------------------------------------------
                                    558 ;Allocation info for local variables in function 'fault_blink_on'
                                    559 ;------------------------------------------------------------
                                    560 ;ch            Allocated to registers r5 r6 r7 
                                    561 ;half          Allocated to registers r2 r3 
                                    562 ;------------------------------------------------------------
                                    563 ;	src/app/namur_logic.c:81: static uint8_t fault_blink_on(const namur_channel_t *ch)
                                    564 ;	-----------------------------------------
                                    565 ;	 function fault_blink_on
                                    566 ;	-----------------------------------------
      00020E                        567 _fault_blink_on:
      00020E AD 82            [24]  568 	mov	r5, dpl
      000210 AE 83            [24]  569 	mov	r6, dph
      000212 AF F0            [24]  570 	mov	r7, b
                                    571 ;	src/app/namur_logic.c:85: if (ch->fault == NAMUR_FAULT_LEAD_BREAK) {
      000214 74 06            [12]  572 	mov	a,#0x06
      000216 2D               [12]  573 	add	a, r5
      000217 FA               [12]  574 	mov	r2,a
      000218 E4               [12]  575 	clr	a
      000219 3E               [12]  576 	addc	a, r6
      00021A FB               [12]  577 	mov	r3,a
      00021B 8F 04            [24]  578 	mov	ar4,r7
      00021D 8A 82            [24]  579 	mov	dpl,r2
      00021F 8B 83            [24]  580 	mov	dph,r3
      000221 8C F0            [24]  581 	mov	b,r4
      000223 12r00r00         [24]  582 	lcall	__gptrget
      000226 FC               [12]  583 	mov	r4,a
      000227 BC 01 06         [24]  584 	cjne	r4,#0x01,00105$
                                    585 ;	src/app/namur_logic.c:86: half = BSP_BLINK_LEAD_BREAK_HALF_TICKS;
      00022A 7A 19            [12]  586 	mov	r2,#0x19
      00022C 7B 00            [12]  587 	mov	r3,#0x00
      00022E 80 0D            [24]  588 	sjmp	00106$
      000230                        589 00105$:
                                    590 ;	src/app/namur_logic.c:87: } else if (ch->fault == NAMUR_FAULT_SHORT_CIRCUIT) {
      000230 BC 02 06         [24]  591 	cjne	r4,#0x02,00102$
                                    592 ;	src/app/namur_logic.c:88: half = BSP_BLINK_SHORT_HALF_TICKS;
      000233 7A 05            [12]  593 	mov	r2,#0x05
      000235 7B 00            [12]  594 	mov	r3,#0x00
      000237 80 04            [24]  595 	sjmp	00106$
      000239                        596 00102$:
                                    597 ;	src/app/namur_logic.c:90: return 0U;
      000239 75 82 00         [24]  598 	mov	dpl, #0x00
      00023C 22               [24]  599 	ret
      00023D                        600 00106$:
                                    601 ;	src/app/namur_logic.c:93: return (uint8_t)(((ch->blink_tick / half) & 1U) == 0U);
      00023D 74 08            [12]  602 	mov	a,#0x08
      00023F 2D               [12]  603 	add	a, r5
      000240 FD               [12]  604 	mov	r5,a
      000241 E4               [12]  605 	clr	a
      000242 3E               [12]  606 	addc	a, r6
      000243 FE               [12]  607 	mov	r6,a
      000244 8D 82            [24]  608 	mov	dpl,r5
      000246 8E 83            [24]  609 	mov	dph,r6
      000248 8F F0            [24]  610 	mov	b,r7
      00024A 12r00r00         [24]  611 	lcall	__gptrget
      00024D FD               [12]  612 	mov	r5,a
      00024E A3               [24]  613 	inc	dptr
      00024F 12r00r00         [24]  614 	lcall	__gptrget
      000252 FE               [12]  615 	mov	r6,a
      000253 8A*00            [24]  616 	mov	__divuint_PARM_2,r2
      000255 8B*01            [24]  617 	mov	(__divuint_PARM_2 + 1),r3
      000257 8D 82            [24]  618 	mov	dpl, r5
      000259 8E 83            [24]  619 	mov	dph, r6
      00025B 12r00r00         [24]  620 	lcall	__divuint
      00025E AE 82            [24]  621 	mov	r6, dpl
      000260 53 06 01         [24]  622 	anl	ar6,#0x01
      000263 E4               [12]  623 	clr	a
      000264 FF               [12]  624 	mov	r7,a
      000265 BE 00 04         [24]  625 	cjne	r6,#0x00,00125$
      000268 BF 00 01         [24]  626 	cjne	r7,#0x00,00125$
      00026B 04               [12]  627 	inc	a
      00026C                        628 00125$:
      00026C F5 82            [12]  629 	mov	dpl,a
                                    630 ;	src/app/namur_logic.c:94: }
      00026E 22               [24]  631 	ret
                                    632 ;------------------------------------------------------------
                                    633 ;Allocation info for local variables in function 'update_channel'
                                    634 ;------------------------------------------------------------
                                    635 ;raw_adc       Allocated with name '_update_channel_PARM_2'
                                    636 ;dip_nc        Allocated with name '_update_channel_PARM_3'
                                    637 ;fault_suppress Allocated with name '_update_channel_PARM_4'
                                    638 ;ch            Allocated with name '_update_channel_ch_10000_34'
                                    639 ;------------------------------------------------------------
                                    640 ;	src/app/namur_logic.c:96: static void update_channel(namur_channel_t *ch, uint16_t raw_adc, uint8_t dip_nc, uint8_t fault_suppress)
                                    641 ;	-----------------------------------------
                                    642 ;	 function update_channel
                                    643 ;	-----------------------------------------
      00026F                        644 _update_channel:
      00026F 85 82*04         [24]  645 	mov	_update_channel_ch_10000_34,dpl
      000272 85 83*05         [24]  646 	mov	(_update_channel_ch_10000_34 + 1),dph
      000275 85 F0*06         [24]  647 	mov	(_update_channel_ch_10000_34 + 2),b
                                    648 ;	src/app/namur_logic.c:98: ema_filter(raw_adc, &ch->filtered_adc);
      000278 85*04*00         [24]  649 	mov	_ema_filter_PARM_2,_update_channel_ch_10000_34
      00027B 85*05*01         [24]  650 	mov	(_ema_filter_PARM_2 + 1),(_update_channel_ch_10000_34 + 1)
      00027E 85*06*02         [24]  651 	mov	(_ema_filter_PARM_2 + 2),(_update_channel_ch_10000_34 + 2)
      000281 85*00 82         [24]  652 	mov	dpl, _update_channel_PARM_2
      000284 85*01 83         [24]  653 	mov	dph, (_update_channel_PARM_2 + 1)
      000287 12r00r37         [24]  654 	lcall	_ema_filter
                                    655 ;	src/app/namur_logic.c:99: ch->instant = classify_adc(ch->filtered_adc);
      00028A 74 02            [12]  656 	mov	a,#0x02
      00028C 25*04            [12]  657 	add	a, _update_channel_ch_10000_34
      00028E FA               [12]  658 	mov	r2,a
      00028F E4               [12]  659 	clr	a
      000290 35*05            [12]  660 	addc	a, (_update_channel_ch_10000_34 + 1)
      000292 FB               [12]  661 	mov	r3,a
      000293 AC*06            [24]  662 	mov	r4,(_update_channel_ch_10000_34 + 2)
      000295 A8*04            [24]  663 	mov	r0,_update_channel_ch_10000_34
      000297 A9*05            [24]  664 	mov	r1,(_update_channel_ch_10000_34 + 1)
      000299 AF*06            [24]  665 	mov	r7,(_update_channel_ch_10000_34 + 2)
      00029B 88 82            [24]  666 	mov	dpl,r0
      00029D 89 83            [24]  667 	mov	dph,r1
      00029F 8F F0            [24]  668 	mov	b,r7
      0002A1 12r00r00         [24]  669 	lcall	__gptrget
      0002A4 F8               [12]  670 	mov	r0,a
      0002A5 A3               [24]  671 	inc	dptr
      0002A6 12r00r00         [24]  672 	lcall	__gptrget
      0002A9 F9               [12]  673 	mov	r1,a
      0002AA 88 82            [24]  674 	mov	dpl, r0
      0002AC 89 83            [24]  675 	mov	dph, r1
      0002AE C0 04            [24]  676 	push	ar4
      0002B0 C0 03            [24]  677 	push	ar3
      0002B2 C0 02            [24]  678 	push	ar2
      0002B4 12r00r00         [24]  679 	lcall	_classify_adc
      0002B7 AF 82            [24]  680 	mov	r7, dpl
      0002B9 D0 02            [24]  681 	pop	ar2
      0002BB D0 03            [24]  682 	pop	ar3
      0002BD D0 04            [24]  683 	pop	ar4
      0002BF 8A 82            [24]  684 	mov	dpl,r2
      0002C1 8B 83            [24]  685 	mov	dph,r3
      0002C3 8C F0            [24]  686 	mov	b,r4
      0002C5 EF               [12]  687 	mov	a,r7
      0002C6 12r00r00         [24]  688 	lcall	__gptrput
                                    689 ;	src/app/namur_logic.c:100: debounce_channel(ch);
      0002C9 85*04 82         [24]  690 	mov	dpl, _update_channel_ch_10000_34
      0002CC 85*05 83         [24]  691 	mov	dph, (_update_channel_ch_10000_34 + 1)
      0002CF 85*06 F0         [24]  692 	mov	b, (_update_channel_ch_10000_34 + 2)
      0002D2 12r00r7F         [24]  693 	lcall	_debounce_channel
                                    694 ;	src/app/namur_logic.c:102: if (fault_suppress) {
      0002D5 E5*03            [12]  695 	mov	a,_update_channel_PARM_4
      0002D7 60 17            [24]  696 	jz	00102$
                                    697 ;	src/app/namur_logic.c:103: ch->fault = NAMUR_FAULT_NONE;
      0002D9 74 06            [12]  698 	mov	a,#0x06
      0002DB 25*04            [12]  699 	add	a, _update_channel_ch_10000_34
      0002DD FD               [12]  700 	mov	r5,a
      0002DE E4               [12]  701 	clr	a
      0002DF 35*05            [12]  702 	addc	a, (_update_channel_ch_10000_34 + 1)
      0002E1 FE               [12]  703 	mov	r6,a
      0002E2 AF*06            [24]  704 	mov	r7,(_update_channel_ch_10000_34 + 2)
      0002E4 8D 82            [24]  705 	mov	dpl,r5
      0002E6 8E 83            [24]  706 	mov	dph,r6
      0002E8 8F F0            [24]  707 	mov	b,r7
      0002EA E4               [12]  708 	clr	a
      0002EB 12r00r00         [24]  709 	lcall	__gptrput
      0002EE 80 0C            [24]  710 	sjmp	00103$
      0002F0                        711 00102$:
                                    712 ;	src/app/namur_logic.c:105: apply_fault(ch);
      0002F0 85*04 82         [24]  713 	mov	dpl, _update_channel_ch_10000_34
      0002F3 85*05 83         [24]  714 	mov	dph, (_update_channel_ch_10000_34 + 1)
      0002F6 85*06 F0         [24]  715 	mov	b, (_update_channel_ch_10000_34 + 2)
      0002F9 12r01r3E         [24]  716 	lcall	_apply_fault
      0002FC                        717 00103$:
                                    718 ;	src/app/namur_logic.c:108: apply_latch(ch);
      0002FC 85*04 82         [24]  719 	mov	dpl, _update_channel_ch_10000_34
      0002FF 85*05 83         [24]  720 	mov	dph, (_update_channel_ch_10000_34 + 1)
      000302 85*06 F0         [24]  721 	mov	b, (_update_channel_ch_10000_34 + 2)
      000305 12r01r96         [24]  722 	lcall	_apply_latch
                                    723 ;	src/app/namur_logic.c:110: if (ch->fault != NAMUR_FAULT_NONE) {
      000308 74 06            [12]  724 	mov	a,#0x06
      00030A 25*04            [12]  725 	add	a, _update_channel_ch_10000_34
      00030C FD               [12]  726 	mov	r5,a
      00030D E4               [12]  727 	clr	a
      00030E 35*05            [12]  728 	addc	a, (_update_channel_ch_10000_34 + 1)
      000310 FE               [12]  729 	mov	r6,a
      000311 AF*06            [24]  730 	mov	r7,(_update_channel_ch_10000_34 + 2)
      000313 8D 82            [24]  731 	mov	dpl,r5
      000315 8E 83            [24]  732 	mov	dph,r6
      000317 8F F0            [24]  733 	mov	b,r7
      000319 12r00r00         [24]  734 	lcall	__gptrget
      00031C 60 72            [24]  735 	jz	00105$
                                    736 ;	src/app/namur_logic.c:111: ch->sense_led = 0U;
      00031E 74 0A            [12]  737 	mov	a,#0x0a
      000320 25*04            [12]  738 	add	a, _update_channel_ch_10000_34
      000322 FD               [12]  739 	mov	r5,a
      000323 E4               [12]  740 	clr	a
      000324 35*05            [12]  741 	addc	a, (_update_channel_ch_10000_34 + 1)
      000326 FE               [12]  742 	mov	r6,a
      000327 AF*06            [24]  743 	mov	r7,(_update_channel_ch_10000_34 + 2)
      000329 8D 82            [24]  744 	mov	dpl,r5
      00032B 8E 83            [24]  745 	mov	dph,r6
      00032D 8F F0            [24]  746 	mov	b,r7
      00032F E4               [12]  747 	clr	a
      000330 12r00r00         [24]  748 	lcall	__gptrput
                                    749 ;	src/app/namur_logic.c:112: ch->blink_tick++;
      000333 74 08            [12]  750 	mov	a,#0x08
      000335 25*04            [12]  751 	add	a, _update_channel_ch_10000_34
      000337 FD               [12]  752 	mov	r5,a
      000338 E4               [12]  753 	clr	a
      000339 35*05            [12]  754 	addc	a, (_update_channel_ch_10000_34 + 1)
      00033B FE               [12]  755 	mov	r6,a
      00033C AF*06            [24]  756 	mov	r7,(_update_channel_ch_10000_34 + 2)
      00033E 8D 82            [24]  757 	mov	dpl,r5
      000340 8E 83            [24]  758 	mov	dph,r6
      000342 8F F0            [24]  759 	mov	b,r7
      000344 12r00r00         [24]  760 	lcall	__gptrget
      000347 FB               [12]  761 	mov	r3,a
      000348 A3               [24]  762 	inc	dptr
      000349 12r00r00         [24]  763 	lcall	__gptrget
      00034C FC               [12]  764 	mov	r4,a
      00034D 0B               [12]  765 	inc	r3
      00034E BB 00 01         [24]  766 	cjne	r3,#0x00,00123$
      000351 0C               [12]  767 	inc	r4
      000352                        768 00123$:
      000352 8D 82            [24]  769 	mov	dpl,r5
      000354 8E 83            [24]  770 	mov	dph,r6
      000356 8F F0            [24]  771 	mov	b,r7
      000358 EB               [12]  772 	mov	a,r3
      000359 12r00r00         [24]  773 	lcall	__gptrput
      00035C A3               [24]  774 	inc	dptr
      00035D EC               [12]  775 	mov	a,r4
      00035E 12r00r00         [24]  776 	lcall	__gptrput
                                    777 ;	src/app/namur_logic.c:113: ch->fault_led = fault_blink_on(ch);
      000361 74 0B            [12]  778 	mov	a,#0x0b
      000363 25*04            [12]  779 	add	a, _update_channel_ch_10000_34
      000365 FD               [12]  780 	mov	r5,a
      000366 E4               [12]  781 	clr	a
      000367 35*05            [12]  782 	addc	a, (_update_channel_ch_10000_34 + 1)
      000369 FE               [12]  783 	mov	r6,a
      00036A AF*06            [24]  784 	mov	r7,(_update_channel_ch_10000_34 + 2)
      00036C 85*04 82         [24]  785 	mov	dpl, _update_channel_ch_10000_34
      00036F 85*05 83         [24]  786 	mov	dph, (_update_channel_ch_10000_34 + 1)
      000372 85*06 F0         [24]  787 	mov	b, (_update_channel_ch_10000_34 + 2)
      000375 C0 07            [24]  788 	push	ar7
      000377 C0 06            [24]  789 	push	ar6
      000379 C0 05            [24]  790 	push	ar5
      00037B 12r02r0E         [24]  791 	lcall	_fault_blink_on
      00037E AC 82            [24]  792 	mov	r4, dpl
      000380 D0 05            [24]  793 	pop	ar5
      000382 D0 06            [24]  794 	pop	ar6
      000384 D0 07            [24]  795 	pop	ar7
      000386 8D 82            [24]  796 	mov	dpl,r5
      000388 8E 83            [24]  797 	mov	dph,r6
      00038A 8F F0            [24]  798 	mov	b,r7
      00038C EC               [12]  799 	mov	a,r4
      00038D 02r00r00         [24]  800 	ljmp	__gptrput
      000390                        801 00105$:
                                    802 ;	src/app/namur_logic.c:115: ch->fault_led = 0U;
      000390 74 0B            [12]  803 	mov	a,#0x0b
      000392 25*04            [12]  804 	add	a, _update_channel_ch_10000_34
      000394 FD               [12]  805 	mov	r5,a
      000395 E4               [12]  806 	clr	a
      000396 35*05            [12]  807 	addc	a, (_update_channel_ch_10000_34 + 1)
      000398 FE               [12]  808 	mov	r6,a
      000399 AF*06            [24]  809 	mov	r7,(_update_channel_ch_10000_34 + 2)
      00039B 8D 82            [24]  810 	mov	dpl,r5
      00039D 8E 83            [24]  811 	mov	dph,r6
      00039F 8F F0            [24]  812 	mov	b,r7
      0003A1 E4               [12]  813 	clr	a
      0003A2 12r00r00         [24]  814 	lcall	__gptrput
                                    815 ;	src/app/namur_logic.c:116: ch->blink_tick = 0U;
      0003A5 74 08            [12]  816 	mov	a,#0x08
      0003A7 25*04            [12]  817 	add	a, _update_channel_ch_10000_34
      0003A9 FD               [12]  818 	mov	r5,a
      0003AA E4               [12]  819 	clr	a
      0003AB 35*05            [12]  820 	addc	a, (_update_channel_ch_10000_34 + 1)
      0003AD FE               [12]  821 	mov	r6,a
      0003AE AF*06            [24]  822 	mov	r7,(_update_channel_ch_10000_34 + 2)
      0003B0 8D 82            [24]  823 	mov	dpl,r5
      0003B2 8E 83            [24]  824 	mov	dph,r6
      0003B4 8F F0            [24]  825 	mov	b,r7
      0003B6 E4               [12]  826 	clr	a
      0003B7 12r00r00         [24]  827 	lcall	__gptrput
      0003BA A3               [24]  828 	inc	dptr
      0003BB 12r00r00         [24]  829 	lcall	__gptrput
                                    830 ;	src/app/namur_logic.c:117: ch->sense_led = sense_from_latch(ch->latched_on, dip_nc);
      0003BE 74 0A            [12]  831 	mov	a,#0x0a
      0003C0 25*04            [12]  832 	add	a, _update_channel_ch_10000_34
      0003C2 FD               [12]  833 	mov	r5,a
      0003C3 E4               [12]  834 	clr	a
      0003C4 35*05            [12]  835 	addc	a, (_update_channel_ch_10000_34 + 1)
      0003C6 FE               [12]  836 	mov	r6,a
      0003C7 AF*06            [24]  837 	mov	r7,(_update_channel_ch_10000_34 + 2)
      0003C9 74 07            [12]  838 	mov	a,#0x07
      0003CB 25*04            [12]  839 	add	a, _update_channel_ch_10000_34
      0003CD FA               [12]  840 	mov	r2,a
      0003CE E4               [12]  841 	clr	a
      0003CF 35*05            [12]  842 	addc	a, (_update_channel_ch_10000_34 + 1)
      0003D1 FB               [12]  843 	mov	r3,a
      0003D2 AC*06            [24]  844 	mov	r4,(_update_channel_ch_10000_34 + 2)
      0003D4 8A 82            [24]  845 	mov	dpl,r2
      0003D6 8B 83            [24]  846 	mov	dph,r3
      0003D8 8C F0            [24]  847 	mov	b,r4
      0003DA 12r00r00         [24]  848 	lcall	__gptrget
      0003DD FA               [12]  849 	mov	r2,a
      0003DE 85*02*00         [24]  850 	mov	_sense_from_latch_PARM_2,_update_channel_PARM_3
      0003E1 8A 82            [24]  851 	mov	dpl, r2
      0003E3 C0 07            [24]  852 	push	ar7
      0003E5 C0 06            [24]  853 	push	ar6
      0003E7 C0 05            [24]  854 	push	ar5
      0003E9 12r01rF8         [24]  855 	lcall	_sense_from_latch
      0003EC AC 82            [24]  856 	mov	r4, dpl
      0003EE D0 05            [24]  857 	pop	ar5
      0003F0 D0 06            [24]  858 	pop	ar6
      0003F2 D0 07            [24]  859 	pop	ar7
      0003F4 8D 82            [24]  860 	mov	dpl,r5
      0003F6 8E 83            [24]  861 	mov	dph,r6
      0003F8 8F F0            [24]  862 	mov	b,r7
      0003FA EC               [12]  863 	mov	a,r4
                                    864 ;	src/app/namur_logic.c:119: }
      0003FB 02r00r00         [24]  865 	ljmp	__gptrput
                                    866 ;------------------------------------------------------------
                                    867 ;Allocation info for local variables in function 'namur_logic_init'
                                    868 ;------------------------------------------------------------
                                    869 ;ctx           Allocated with name '_namur_logic_init_ctx_10000_40'
                                    870 ;i             Allocated with name '_namur_logic_init_i_10000_41'
                                    871 ;------------------------------------------------------------
                                    872 ;	src/app/namur_logic.c:121: void namur_logic_init(namur_logic_t *ctx)
                                    873 ;	-----------------------------------------
                                    874 ;	 function namur_logic_init
                                    875 ;	-----------------------------------------
      0003FE                        876 _namur_logic_init:
      0003FE 85 82*00         [24]  877 	mov	_namur_logic_init_ctx_10000_40,dpl
      000401 85 83*01         [24]  878 	mov	(_namur_logic_init_ctx_10000_40 + 1),dph
      000404 85 F0*02         [24]  879 	mov	(_namur_logic_init_ctx_10000_40 + 2),b
                                    880 ;	src/app/namur_logic.c:125: for (i = 0; i < NAMUR_LOGIC_CHANNELS; i++) {
      000407 AA*00            [24]  881 	mov	r2,_namur_logic_init_ctx_10000_40
      000409 AB*01            [24]  882 	mov	r3,(_namur_logic_init_ctx_10000_40 + 1)
      00040B AC*02            [24]  883 	mov	r4,(_namur_logic_init_ctx_10000_40 + 2)
      00040D 75*03 00         [24]  884 	mov	_namur_logic_init_i_10000_41,#0x00
      000410                        885 00102$:
                                    886 ;	src/app/namur_logic.c:126: ctx->ch[i].filtered_adc = 0U;
      000410 E5*03            [12]  887 	mov	a,_namur_logic_init_i_10000_41
      000412 75 F0 0C         [24]  888 	mov	b,#0x0c
      000415 A4               [48]  889 	mul	ab
      000416 F8               [12]  890 	mov	r0,a
      000417 2A               [12]  891 	add	a, r2
      000418 FD               [12]  892 	mov	r5,a
      000419 E4               [12]  893 	clr	a
      00041A 3B               [12]  894 	addc	a, r3
      00041B FE               [12]  895 	mov	r6,a
      00041C 8C 07            [24]  896 	mov	ar7,r4
      00041E 8D 82            [24]  897 	mov	dpl,r5
      000420 8E 83            [24]  898 	mov	dph,r6
      000422 8F F0            [24]  899 	mov	b,r7
      000424 E4               [12]  900 	clr	a
      000425 12r00r00         [24]  901 	lcall	__gptrput
      000428 A3               [24]  902 	inc	dptr
      000429 12r00r00         [24]  903 	lcall	__gptrput
                                    904 ;	src/app/namur_logic.c:127: ctx->ch[i].instant = NAMUR_INSTANT_HYST;
      00042C E8               [12]  905 	mov	a,r0
      00042D 25*00            [12]  906 	add	a, _namur_logic_init_ctx_10000_40
      00042F F8               [12]  907 	mov	r0,a
      000430 E4               [12]  908 	clr	a
      000431 35*01            [12]  909 	addc	a, (_namur_logic_init_ctx_10000_40 + 1)
      000433 FF               [12]  910 	mov	r7,a
      000434 AE*02            [24]  911 	mov	r6,(_namur_logic_init_ctx_10000_40 + 2)
      000436 C0 02            [24]  912 	push	ar2
      000438 C0 03            [24]  913 	push	ar3
      00043A C0 04            [24]  914 	push	ar4
      00043C 74 02            [12]  915 	mov	a,#0x02
      00043E 28               [12]  916 	add	a, r0
      00043F F9               [12]  917 	mov	r1,a
      000440 E4               [12]  918 	clr	a
      000441 3F               [12]  919 	addc	a, r7
      000442 FC               [12]  920 	mov	r4,a
      000443 8E 05            [24]  921 	mov	ar5,r6
      000445 89 82            [24]  922 	mov	dpl,r1
      000447 8C 83            [24]  923 	mov	dph,r4
      000449 8D F0            [24]  924 	mov	b,r5
      00044B 74 01            [12]  925 	mov	a,#0x01
      00044D 12r00r00         [24]  926 	lcall	__gptrput
                                    927 ;	src/app/namur_logic.c:128: ctx->ch[i].pending = NAMUR_INSTANT_HYST;
      000450 74 03            [12]  928 	mov	a,#0x03
      000452 28               [12]  929 	add	a, r0
      000453 FB               [12]  930 	mov	r3,a
      000454 E4               [12]  931 	clr	a
      000455 3F               [12]  932 	addc	a, r7
      000456 FC               [12]  933 	mov	r4,a
      000457 8E 05            [24]  934 	mov	ar5,r6
      000459 8B 82            [24]  935 	mov	dpl,r3
      00045B 8C 83            [24]  936 	mov	dph,r4
      00045D 8D F0            [24]  937 	mov	b,r5
      00045F 74 01            [12]  938 	mov	a,#0x01
      000461 12r00r00         [24]  939 	lcall	__gptrput
                                    940 ;	src/app/namur_logic.c:129: ctx->ch[i].stable = NAMUR_INSTANT_HYST;
      000464 74 05            [12]  941 	mov	a,#0x05
      000466 28               [12]  942 	add	a, r0
      000467 FB               [12]  943 	mov	r3,a
      000468 E4               [12]  944 	clr	a
      000469 3F               [12]  945 	addc	a, r7
      00046A FC               [12]  946 	mov	r4,a
      00046B 8E 05            [24]  947 	mov	ar5,r6
      00046D 8B 82            [24]  948 	mov	dpl,r3
      00046F 8C 83            [24]  949 	mov	dph,r4
      000471 8D F0            [24]  950 	mov	b,r5
      000473 74 01            [12]  951 	mov	a,#0x01
      000475 12r00r00         [24]  952 	lcall	__gptrput
                                    953 ;	src/app/namur_logic.c:130: ctx->ch[i].debounce_count = 0U;
      000478 74 04            [12]  954 	mov	a,#0x04
      00047A 28               [12]  955 	add	a, r0
      00047B FB               [12]  956 	mov	r3,a
      00047C E4               [12]  957 	clr	a
      00047D 3F               [12]  958 	addc	a, r7
      00047E FC               [12]  959 	mov	r4,a
      00047F 8E 05            [24]  960 	mov	ar5,r6
      000481 8B 82            [24]  961 	mov	dpl,r3
      000483 8C 83            [24]  962 	mov	dph,r4
      000485 8D F0            [24]  963 	mov	b,r5
      000487 E4               [12]  964 	clr	a
      000488 12r00r00         [24]  965 	lcall	__gptrput
                                    966 ;	src/app/namur_logic.c:131: ctx->ch[i].fault = NAMUR_FAULT_NONE;
      00048B 74 06            [12]  967 	mov	a,#0x06
      00048D 28               [12]  968 	add	a, r0
      00048E FB               [12]  969 	mov	r3,a
      00048F E4               [12]  970 	clr	a
      000490 3F               [12]  971 	addc	a, r7
      000491 FC               [12]  972 	mov	r4,a
      000492 8E 05            [24]  973 	mov	ar5,r6
      000494 8B 82            [24]  974 	mov	dpl,r3
      000496 8C 83            [24]  975 	mov	dph,r4
      000498 8D F0            [24]  976 	mov	b,r5
      00049A E4               [12]  977 	clr	a
      00049B 12r00r00         [24]  978 	lcall	__gptrput
                                    979 ;	src/app/namur_logic.c:132: ctx->ch[i].latched_on = 0U;
      00049E 74 07            [12]  980 	mov	a,#0x07
      0004A0 28               [12]  981 	add	a, r0
      0004A1 FB               [12]  982 	mov	r3,a
      0004A2 E4               [12]  983 	clr	a
      0004A3 3F               [12]  984 	addc	a, r7
      0004A4 FC               [12]  985 	mov	r4,a
      0004A5 8E 05            [24]  986 	mov	ar5,r6
      0004A7 8B 82            [24]  987 	mov	dpl,r3
      0004A9 8C 83            [24]  988 	mov	dph,r4
      0004AB 8D F0            [24]  989 	mov	b,r5
      0004AD E4               [12]  990 	clr	a
      0004AE 12r00r00         [24]  991 	lcall	__gptrput
                                    992 ;	src/app/namur_logic.c:133: ctx->ch[i].blink_tick = 0U;
      0004B1 74 08            [12]  993 	mov	a,#0x08
      0004B3 28               [12]  994 	add	a, r0
      0004B4 FB               [12]  995 	mov	r3,a
      0004B5 E4               [12]  996 	clr	a
      0004B6 3F               [12]  997 	addc	a, r7
      0004B7 FC               [12]  998 	mov	r4,a
      0004B8 8E 05            [24]  999 	mov	ar5,r6
      0004BA 8B 82            [24] 1000 	mov	dpl,r3
      0004BC 8C 83            [24] 1001 	mov	dph,r4
      0004BE 8D F0            [24] 1002 	mov	b,r5
      0004C0 E4               [12] 1003 	clr	a
      0004C1 12r00r00         [24] 1004 	lcall	__gptrput
      0004C4 A3               [24] 1005 	inc	dptr
      0004C5 12r00r00         [24] 1006 	lcall	__gptrput
                                   1007 ;	src/app/namur_logic.c:134: ctx->ch[i].sense_led = 0U;
      0004C8 74 0A            [12] 1008 	mov	a,#0x0a
      0004CA 28               [12] 1009 	add	a, r0
      0004CB FB               [12] 1010 	mov	r3,a
      0004CC E4               [12] 1011 	clr	a
      0004CD 3F               [12] 1012 	addc	a, r7
      0004CE FC               [12] 1013 	mov	r4,a
      0004CF 8E 05            [24] 1014 	mov	ar5,r6
      0004D1 8B 82            [24] 1015 	mov	dpl,r3
      0004D3 8C 83            [24] 1016 	mov	dph,r4
      0004D5 8D F0            [24] 1017 	mov	b,r5
      0004D7 E4               [12] 1018 	clr	a
      0004D8 12r00r00         [24] 1019 	lcall	__gptrput
                                   1020 ;	src/app/namur_logic.c:135: ctx->ch[i].fault_led = 0U;
      0004DB 74 0B            [12] 1021 	mov	a,#0x0b
      0004DD 28               [12] 1022 	add	a, r0
      0004DE F8               [12] 1023 	mov	r0,a
      0004DF E4               [12] 1024 	clr	a
      0004E0 3F               [12] 1025 	addc	a, r7
      0004E1 FF               [12] 1026 	mov	r7,a
      0004E2 88 82            [24] 1027 	mov	dpl,r0
      0004E4 8F 83            [24] 1028 	mov	dph,r7
      0004E6 8E F0            [24] 1029 	mov	b,r6
      0004E8 E4               [12] 1030 	clr	a
      0004E9 12r00r00         [24] 1031 	lcall	__gptrput
                                   1032 ;	src/app/namur_logic.c:125: for (i = 0; i < NAMUR_LOGIC_CHANNELS; i++) {
      0004EC 05*03            [12] 1033 	inc	_namur_logic_init_i_10000_41
      0004EE C3               [12] 1034 	clr	c
      0004EF E5*03            [12] 1035 	mov	a,_namur_logic_init_i_10000_41
      0004F1 94 02            [12] 1036 	subb	a,#0x02
      0004F3 D0 04            [24] 1037 	pop	ar4
      0004F5 D0 03            [24] 1038 	pop	ar3
      0004F7 D0 02            [24] 1039 	pop	ar2
      0004F9 50 03            [24] 1040 	jnc	00119$
      0004FB 02r04r10         [24] 1041 	ljmp	00102$
      0004FE                       1042 00119$:
                                   1043 ;	src/app/namur_logic.c:137: ctx->dip = 0U;
      0004FE 74 18            [12] 1044 	mov	a,#0x18
      000500 25*00            [12] 1045 	add	a, _namur_logic_init_ctx_10000_40
      000502 FD               [12] 1046 	mov	r5,a
      000503 E4               [12] 1047 	clr	a
      000504 35*01            [12] 1048 	addc	a, (_namur_logic_init_ctx_10000_40 + 1)
      000506 FE               [12] 1049 	mov	r6,a
      000507 AF*02            [24] 1050 	mov	r7,(_namur_logic_init_ctx_10000_40 + 2)
      000509 8D 82            [24] 1051 	mov	dpl,r5
      00050B 8E 83            [24] 1052 	mov	dph,r6
      00050D 8F F0            [24] 1053 	mov	b,r7
      00050F E4               [12] 1054 	clr	a
                                   1055 ;	src/app/namur_logic.c:138: }
      000510 02r00r00         [24] 1056 	ljmp	__gptrput
                                   1057 ;------------------------------------------------------------
                                   1058 ;Allocation info for local variables in function 'namur_logic_update'
                                   1059 ;------------------------------------------------------------
                                   1060 ;adc_ch1       Allocated with name '_namur_logic_update_PARM_2'
                                   1061 ;adc_ch2       Allocated with name '_namur_logic_update_PARM_3'
                                   1062 ;dip           Allocated with name '_namur_logic_update_PARM_4'
                                   1063 ;ctx           Allocated to registers r5 r6 r7 
                                   1064 ;fault_suppress Allocated to registers r3 
                                   1065 ;dip_ch1_nc    Allocated to registers 
                                   1066 ;dip_ch2_nc    Allocated to registers r4 
                                   1067 ;------------------------------------------------------------
                                   1068 ;	src/app/namur_logic.c:140: void namur_logic_update(namur_logic_t *ctx, uint16_t adc_ch1, uint16_t adc_ch2, uint8_t dip)
                                   1069 ;	-----------------------------------------
                                   1070 ;	 function namur_logic_update
                                   1071 ;	-----------------------------------------
      000513                       1072 _namur_logic_update:
      000513 AD 82            [24] 1073 	mov	r5, dpl
      000515 AE 83            [24] 1074 	mov	r6, dph
      000517 AF F0            [24] 1075 	mov	r7, b
                                   1076 ;	src/app/namur_logic.c:142: uint8_t fault_suppress = (uint8_t)((dip & NAMUR_DIP_FAULT_SUPPRESS) != 0U);
      000519 AC*0B            [24] 1077 	mov	r4,_namur_logic_update_PARM_4
      00051B 74 04            [12] 1078 	mov	a,#0x04
      00051D 5C               [12] 1079 	anl	a,r4
      00051E B4 01 00         [24] 1080 	cjne	a,#0x01,00103$
      000521                       1081 00103$:
      000521 B3               [12] 1082 	cpl	c
      000522 92*00            [24] 1083 	mov	_namur_logic_update_sloc0_1_0,c
      000524 E4               [12] 1084 	clr	a
      000525 33               [12] 1085 	rlc	a
      000526 FB               [12] 1086 	mov	r3,a
                                   1087 ;	src/app/namur_logic.c:143: uint8_t dip_ch1_nc = (uint8_t)((dip & NAMUR_DIP_CH1_NC) != 0U);
      000527 74 01            [12] 1088 	mov	a,#0x01
      000529 5C               [12] 1089 	anl	a,r4
      00052A B4 01 00         [24] 1090 	cjne	a,#0x01,00104$
      00052D                       1091 00104$:
      00052D B3               [12] 1092 	cpl	c
      00052E 92*00            [24] 1093 	mov	_namur_logic_update_sloc0_1_0,c
      000530 E4               [12] 1094 	clr	a
      000531 33               [12] 1095 	rlc	a
      000532 F5*02            [12] 1096 	mov	_update_channel_PARM_3,a
                                   1097 ;	src/app/namur_logic.c:144: uint8_t dip_ch2_nc = (uint8_t)((dip & NAMUR_DIP_CH2_NC) != 0U);
      000534 53 04 02         [24] 1098 	anl	ar4,#0x02
      000537 EC               [12] 1099 	mov	a,r4
      000538 B4 01 00         [24] 1100 	cjne	a,#0x01,00105$
      00053B                       1101 00105$:
      00053B B3               [12] 1102 	cpl	c
      00053C 92*00            [24] 1103 	mov	_namur_logic_update_sloc0_1_0,c
      00053E E4               [12] 1104 	clr	a
      00053F 33               [12] 1105 	rlc	a
      000540 FC               [12] 1106 	mov	r4,a
                                   1107 ;	src/app/namur_logic.c:146: ctx->dip = dip;
      000541 74 18            [12] 1108 	mov	a,#0x18
      000543 2D               [12] 1109 	add	a, r5
      000544 F8               [12] 1110 	mov	r0,a
      000545 E4               [12] 1111 	clr	a
      000546 3E               [12] 1112 	addc	a, r6
      000547 F9               [12] 1113 	mov	r1,a
      000548 8F 02            [24] 1114 	mov	ar2,r7
      00054A 88 82            [24] 1115 	mov	dpl,r0
      00054C 89 83            [24] 1116 	mov	dph,r1
      00054E 8A F0            [24] 1117 	mov	b,r2
      000550 E5*0B            [12] 1118 	mov	a,_namur_logic_update_PARM_4
      000552 12r00r00         [24] 1119 	lcall	__gptrput
                                   1120 ;	src/app/namur_logic.c:148: update_channel(&ctx->ch[0], adc_ch1, dip_ch1_nc, fault_suppress);
      000555 8D 00            [24] 1121 	mov	ar0,r5
      000557 8E 01            [24] 1122 	mov	ar1,r6
      000559 8F 02            [24] 1123 	mov	ar2,r7
      00055B 85*07*00         [24] 1124 	mov	_update_channel_PARM_2,_namur_logic_update_PARM_2
      00055E 85*08*01         [24] 1125 	mov	(_update_channel_PARM_2 + 1),(_namur_logic_update_PARM_2 + 1)
      000561 8B*03            [24] 1126 	mov	_update_channel_PARM_4,r3
      000563 88 82            [24] 1127 	mov	dpl, r0
      000565 89 83            [24] 1128 	mov	dph, r1
      000567 8A F0            [24] 1129 	mov	b, r2
      000569 C0 07            [24] 1130 	push	ar7
      00056B C0 06            [24] 1131 	push	ar6
      00056D C0 05            [24] 1132 	push	ar5
      00056F C0 04            [24] 1133 	push	ar4
      000571 C0 03            [24] 1134 	push	ar3
      000573 12r02r6F         [24] 1135 	lcall	_update_channel
      000576 D0 03            [24] 1136 	pop	ar3
      000578 D0 04            [24] 1137 	pop	ar4
      00057A D0 05            [24] 1138 	pop	ar5
      00057C D0 06            [24] 1139 	pop	ar6
      00057E D0 07            [24] 1140 	pop	ar7
                                   1141 ;	src/app/namur_logic.c:149: update_channel(&ctx->ch[1], adc_ch2, dip_ch2_nc, fault_suppress);
      000580 74 0C            [12] 1142 	mov	a,#0x0c
      000582 2D               [12] 1143 	add	a, r5
      000583 FD               [12] 1144 	mov	r5,a
      000584 E4               [12] 1145 	clr	a
      000585 3E               [12] 1146 	addc	a, r6
      000586 FE               [12] 1147 	mov	r6,a
      000587 85*09*00         [24] 1148 	mov	_update_channel_PARM_2,_namur_logic_update_PARM_3
      00058A 85*0A*01         [24] 1149 	mov	(_update_channel_PARM_2 + 1),(_namur_logic_update_PARM_3 + 1)
      00058D 8C*02            [24] 1150 	mov	_update_channel_PARM_3,r4
      00058F 8B*03            [24] 1151 	mov	_update_channel_PARM_4,r3
      000591 8D 82            [24] 1152 	mov	dpl, r5
      000593 8E 83            [24] 1153 	mov	dph, r6
      000595 8F F0            [24] 1154 	mov	b, r7
                                   1155 ;	src/app/namur_logic.c:150: }
      000597 02r02r6F         [24] 1156 	ljmp	_update_channel
                                   1157 	.area CSEG    (CODE)
                                   1158 	.area CONST   (CODE)
                                   1159 	.area XINIT   (CODE)
                                   1160 	.area CABS    (ABS,CODE)
